// Jest Snapshot v1, https://goo.gl/fbAQLP

exports[`<Main /> should render the heading 1`] = `
.c0 {
  background-color: #06092b;
  color: #ffffff;
  width: 100%;
  height: 100vh;
  text-align: center;
  display: -webkit-box;
  display: -webkit-flex;
  display: -ms-flexbox;
  display: flex;
  -webkit-flex-direction: column;
  -ms-flex-direction: column;
  flex-direction: column;
  -webkit-align-items: center;
  -webkit-box-align: center;
  -ms-flex-align: center;
  align-items: center;
  -webkit-box-pack: center;
  -webkit-justify-content: center;
  -ms-flex-pack: center;
  justify-content: center;
  padding: 3rem;
}

.c1 {
  font-size: 2.5rem;
}

.c2 {
  font-size: 2rem;
  font-weight: 400;
}

<main
  class="c0"
>
  <h1
    class="c1"
  >
    CRA Boilerplate
  </h1>
  <h2
    class="c2"
  >
    TypeScript, ReactJS e Styled Components
  </h2>
</main>
`;
